{
	"name": "Snapchat",
	"desc_long": "🚨no jailbreak detection can’t tell the other person u took a screenshot prevents u from getting forced logout🚨<p><p><p>",
	"compatitle": "iOS 11 12 13",
	"changelog": "<strong>1.0</strong><br>added no jailbreak detection<br>added no screenshots notifications<br>added prevent ban /no force logout<br> <strong>1.2</strong><br>fixed the bug that when ur signed in to the cocotweaks login popup the whole app stops working<br>",
	"screenshot": null,
	"open": true,

"warning": "Donate <br>please donate to help us link in the popup",

}